Ct4.cpp: In member function ‘tkz::NumberVariant tkz::Interpreter::operator()(std::unique_ptr<tkz::TryCatchNode>&)’:
Ct4.cpp:5110:37: error: cannot convert ‘std::unique_ptr<tkz::StatementsNode>’ to ‘tkz::AnyNode&’ {aka ‘std::variant<std::monostate, tkz::NumberNode, tkz::StringNode, tkz::CharNode, tkz::BoolNode, tkz::QOutNode, tkz::QInNode, tkz::QBoolNode, std::unique_ptr<tkz::BinOpNode, std::default_delete<tkz::BinOpNode> >, std::unique_ptr<tkz::UnaryOpNode, std::default_delete<tkz::UnaryOpNode> >, std::unique_ptr<tkz::VarAccessNode, std::default_delete<tkz::VarAccessNode> >, std::unique_ptr<tkz::VarAssignNode, std::default_delete<tkz::VarAssignNode> >, std::unique_ptr<tkz::AssignExprNode, std::default_delete<tkz::AssignExprNode> >, std::unique_ptr<tkz::IfNode, std::default_delete<tkz::IfNode> >, std::unique_ptr<tkz::QIfNode, std::default_delete<tkz::QIfNode> >, std::unique_ptr<tkz::StatementsNode, std::default_delete<tkz::StatementsNode> >, std::unique_ptr<tkz::SwitchNode, std::default_delete<tkz::SwitchNode> >, std::unique_ptr<tkz::QSwitchNode, std::default_delete<tkz::QSwitchNode> >, std::unique_ptr<tkz::BreakNode, std::default_delete<tkz::BreakNode> >, std::unique_ptr<tkz::WhileNode, std::default_delete<tkz::WhileNode> >, std::unique_ptr<tkz::ForNode, std::default_delete<tkz::ForNode> >, std::unique_ptr<tkz::ContinueNode, std::default_delete<tkz::ContinueNode> >, std::unique_ptr<tkz::CallNode, std::default_delete<tkz::CallNode> >, std::shared_ptr<tkz::FuncDefNode>, std::unique_ptr<tkz::QOutExprNode, std::default_delete<tkz::QOutExprNode> >, std::unique_ptr<tkz::ReturnNode, std::default_delete<tkz::ReturnNode> >, std::unique_ptr<tkz::MultiReturnNode, std::default_delete<tkz::MultiReturnNode> >, std::unique_ptr<tkz::MultiVarDeclNode, std::default_delete<tkz::MultiVarDeclNode> >, std::unique_ptr<tkz::ArrayDeclNode, std::default_delete<tkz::ArrayDeclNode> >, std::unique_ptr<tkz::ListDeclNode, std::default_delete<tkz::ListDeclNode> >, std::unique_ptr<tkz::ArrayLiteralNode, std::default_delete<tkz::ArrayLiteralNode> >, std::unique_ptr<tkz::ArrayAccessNode, std::default_delete<tkz::ArrayAccessNode> >, std::unique_ptr<tkz::MethodCallNode, std::default_delete<tkz::MethodCallNode> >, std::shared_ptr<tkz::PropertyAccessNode>, std::unique_ptr<tkz::SpreadNode, std::default_delete<tkz::SpreadNode> >, std::unique_ptr<tkz::ForeachNode, std::default_delete<tkz::ForeachNode> >, std::unique_ptr<tkz::MapDeclNode, std::default_delete<tkz::MapDeclNode> >, std::unique_ptr<tkz::ArrayAssignNode, std::default_delete<tkz::ArrayAssignNode> >, std::unique_ptr<tkz::SeedCallNode, std::default_delete<tkz::SeedCallNode> >, std::unique_ptr<tkz::RandomCallNode, std::default_delete<tkz::RandomCallNode> >, std::unique_ptr<tkz::FieldAssignNode, std::default_delete<tkz::FieldAssignNode> >, std::unique_ptr<tkz::MapLiteralNode, std::default_delete<tkz::MapLiteralNode> >, std::unique_ptr<tkz::NamespaceNode, std::default_delete<tkz::NamespaceNode> >, std::unique_ptr<tkz::TryCatchNode, std::default_delete<tkz::TryCatchNode> > >&’}
 5110 |                 this->process(node->try_body);
      |                               ~~~~~~^~~~~~~~
      |                                     |
      |                                     std::unique_ptr<tkz::StatementsNode>
In file included from Ct4.cpp:4:
tokenizer.h:1779:40: note:   initializing argument 1 of ‘tkz::NumberVariant tkz::Interpreter::process(tkz::AnyNode&)’
 1779 |         NumberVariant process(AnyNode& node);
      |                               ~~~~~~~~~^~~~
Ct4.cpp:5158:41: error: cannot convert ‘std::unique_ptr<tkz::StatementsNode>’ to ‘tkz::AnyNode&’ {aka ‘std::variant<std::monostate, tkz::NumberNode, tkz::StringNode, tkz::CharNode, tkz::BoolNode, tkz::QOutNode, tkz::QInNode, tkz::QBoolNode, std::unique_ptr<tkz::BinOpNode, std::default_delete<tkz::BinOpNode> >, std::unique_ptr<tkz::UnaryOpNode, std::default_delete<tkz::UnaryOpNode> >, std::unique_ptr<tkz::VarAccessNode, std::default_delete<tkz::VarAccessNode> >, std::unique_ptr<tkz::VarAssignNode, std::default_delete<tkz::VarAssignNode> >, std::unique_ptr<tkz::AssignExprNode, std::default_delete<tkz::AssignExprNode> >, std::unique_ptr<tkz::IfNode, std::default_delete<tkz::IfNode> >, std::unique_ptr<tkz::QIfNode, std::default_delete<tkz::QIfNode> >, std::unique_ptr<tkz::StatementsNode, std::default_delete<tkz::StatementsNode> >, std::unique_ptr<tkz::SwitchNode, std::default_delete<tkz::SwitchNode> >, std::unique_ptr<tkz::QSwitchNode, std::default_delete<tkz::QSwitchNode> >, std::unique_ptr<tkz::BreakNode, std::default_delete<tkz::BreakNode> >, std::unique_ptr<tkz::WhileNode, std::default_delete<tkz::WhileNode> >, std::unique_ptr<tkz::ForNode, std::default_delete<tkz::ForNode> >, std::unique_ptr<tkz::ContinueNode, std::default_delete<tkz::ContinueNode> >, std::unique_ptr<tkz::CallNode, std::default_delete<tkz::CallNode> >, std::shared_ptr<tkz::FuncDefNode>, std::unique_ptr<tkz::QOutExprNode, std::default_delete<tkz::QOutExprNode> >, std::unique_ptr<tkz::ReturnNode, std::default_delete<tkz::ReturnNode> >, std::unique_ptr<tkz::MultiReturnNode, std::default_delete<tkz::MultiReturnNode> >, std::unique_ptr<tkz::MultiVarDeclNode, std::default_delete<tkz::MultiVarDeclNode> >, std::unique_ptr<tkz::ArrayDeclNode, std::default_delete<tkz::ArrayDeclNode> >, std::unique_ptr<tkz::ListDeclNode, std::default_delete<tkz::ListDeclNode> >, std::unique_ptr<tkz::ArrayLiteralNode, std::default_delete<tkz::ArrayLiteralNode> >, std::unique_ptr<tkz::ArrayAccessNode, std::default_delete<tkz::ArrayAccessNode> >, std::unique_ptr<tkz::MethodCallNode, std::default_delete<tkz::MethodCallNode> >, std::shared_ptr<tkz::PropertyAccessNode>, std::unique_ptr<tkz::SpreadNode, std::default_delete<tkz::SpreadNode> >, std::unique_ptr<tkz::ForeachNode, std::default_delete<tkz::ForeachNode> >, std::unique_ptr<tkz::MapDeclNode, std::default_delete<tkz::MapDeclNode> >, std::unique_ptr<tkz::ArrayAssignNode, std::default_delete<tkz::ArrayAssignNode> >, std::unique_ptr<tkz::SeedCallNode, std::default_delete<tkz::SeedCallNode> >, std::unique_ptr<tkz::RandomCallNode, std::default_delete<tkz::RandomCallNode> >, std::unique_ptr<tkz::FieldAssignNode, std::default_delete<tkz::FieldAssignNode> >, std::unique_ptr<tkz::MapLiteralNode, std::default_delete<tkz::MapLiteralNode> >, std::unique_ptr<tkz::NamespaceNode, std::default_delete<tkz::NamespaceNode> >, std::unique_ptr<tkz::TryCatchNode, std::default_delete<tkz::TryCatchNode> > >&’}
 5158 |                     this->process(node->catch_body);
      |                                   ~~~~~~^~~~~~~~~~
      |                                         |
      |                                         std::unique_ptr<tkz::StatementsNode>
tokenizer.h:1779:40: note:   initializing argument 1 of ‘tkz::NumberVariant tkz::Interpreter::process(tkz::AnyNode&)’
 1779 |         NumberVariant process(AnyNode& node);
      |                               ~~~~~~~~~^~~~
Ct4.cpp:5178:41: error: cannot convert ‘std::unique_ptr<tkz::StatementsNode>’ to ‘tkz::AnyNode&’ {aka ‘std::variant<std::monostate, tkz::NumberNode, tkz::StringNode, tkz::CharNode, tkz::BoolNode, tkz::QOutNode, tkz::QInNode, tkz::QBoolNode, std::unique_ptr<tkz::BinOpNode, std::default_delete<tkz::BinOpNode> >, std::unique_ptr<tkz::UnaryOpNode, std::default_delete<tkz::UnaryOpNode> >, std::unique_ptr<tkz::VarAccessNode, std::default_delete<tkz::VarAccessNode> >, std::unique_ptr<tkz::VarAssignNode, std::default_delete<tkz::VarAssignNode> >, std::unique_ptr<tkz::AssignExprNode, std::default_delete<tkz::AssignExprNode> >, std::unique_ptr<tkz::IfNode, std::default_delete<tkz::IfNode> >, std::unique_ptr<tkz::QIfNode, std::default_delete<tkz::QIfNode> >, std::unique_ptr<tkz::StatementsNode, std::default_delete<tkz::StatementsNode> >, std::unique_ptr<tkz::SwitchNode, std::default_delete<tkz::SwitchNode> >, std::unique_ptr<tkz::QSwitchNode, std::default_delete<tkz::QSwitchNode> >, std::unique_ptr<tkz::BreakNode, std::default_delete<tkz::BreakNode> >, std::unique_ptr<tkz::WhileNode, std::default_delete<tkz::WhileNode> >, std::unique_ptr<tkz::ForNode, std::default_delete<tkz::ForNode> >, std::unique_ptr<tkz::ContinueNode, std::default_delete<tkz::ContinueNode> >, std::unique_ptr<tkz::CallNode, std::default_delete<tkz::CallNode> >, std::shared_ptr<tkz::FuncDefNode>, std::unique_ptr<tkz::QOutExprNode, std::default_delete<tkz::QOutExprNode> >, std::unique_ptr<tkz::ReturnNode, std::default_delete<tkz::ReturnNode> >, std::unique_ptr<tkz::MultiReturnNode, std::default_delete<tkz::MultiReturnNode> >, std::unique_ptr<tkz::MultiVarDeclNode, std::default_delete<tkz::MultiVarDeclNode> >, std::unique_ptr<tkz::ArrayDeclNode, std::default_delete<tkz::ArrayDeclNode> >, std::unique_ptr<tkz::ListDeclNode, std::default_delete<tkz::ListDeclNode> >, std::unique_ptr<tkz::ArrayLiteralNode, std::default_delete<tkz::ArrayLiteralNode> >, std::unique_ptr<tkz::ArrayAccessNode, std::default_delete<tkz::ArrayAccessNode> >, std::unique_ptr<tkz::MethodCallNode, std::default_delete<tkz::MethodCallNode> >, std::shared_ptr<tkz::PropertyAccessNode>, std::unique_ptr<tkz::SpreadNode, std::default_delete<tkz::SpreadNode> >, std::unique_ptr<tkz::ForeachNode, std::default_delete<tkz::ForeachNode> >, std::unique_ptr<tkz::MapDeclNode, std::default_delete<tkz::MapDeclNode> >, std::unique_ptr<tkz::ArrayAssignNode, std::default_delete<tkz::ArrayAssignNode> >, std::unique_ptr<tkz::SeedCallNode, std::default_delete<tkz::SeedCallNode> >, std::unique_ptr<tkz::RandomCallNode, std::default_delete<tkz::RandomCallNode> >, std::unique_ptr<tkz::FieldAssignNode, std::default_delete<tkz::FieldAssignNode> >, std::unique_ptr<tkz::MapLiteralNode, std::default_delete<tkz::MapLiteralNode> >, std::unique_ptr<tkz::NamespaceNode, std::default_delete<tkz::NamespaceNode> >, std::unique_ptr<tkz::TryCatchNode, std::default_delete<tkz::TryCatchNode> > >&’}
 5178 |                     this->process(node->catch_body);
      |                                   ~~~~~~^~~~~~~~~~
      |                                         |
      |                                         std::unique_ptr<tkz::StatementsNode>
tokenizer.h:1779:40: note:   initializing argument 1 of ‘tkz::NumberVariant tkz::Interpreter::process(tkz::AnyNode&)’
 1779 |         NumberVariant process(AnyNode& node);
      |                               ~~~~~~~~~^~~~
In file included from /usr/include/c++/13/memory:78,
                 from tokenizer.h:3:
/usr/include/c++/13/bits/unique_ptr.h: In instantiation of ‘constexpr std::__detail::__unique_ptr_t<_Tp> std::make_unique(_Args&& ...) [with _Tp = tkz::RTError; _Args = {__cxx11::basic_string<char, char_traits<char>, allocator<char> >}; __detail::__unique_ptr_t<_Tp> = __detail::__unique_ptr_t<tkz::RTError>]’:
Ct4.cpp:9692:67:   required from here
/usr/include/c++/13/bits/unique_ptr.h:1070:30: error: no matching function for call to ‘tkz::RTError::RTError(std::__cxx11::basic_string<char>)’
 1070 |     { return unique_ptr<_Tp>(new _Tp(std::forward<_Args>(__args)...)); }
      |                              ^~~~~~~~~~~~~~~~~~~~~~~~~~~~~~~~~~~~~~~
tokenizer.h:209:9: note: candidate: ‘tkz::RTError::RTError(std::string, tkz::Position)’
  209 |         RTError(std::string d, Position pos) : Error("Error: ", d, pos) {}
      |         ^~~~~~~
tokenizer.h:209:9: note:   candidate expects 2 arguments, 1 provided
tokenizer.h:207:11: note: candidate: ‘constexpr tkz::RTError::RTError(const tkz::RTError&)’
  207 |     class RTError : public Error {
      |           ^~~~~~~
tokenizer.h:207:11: note:   no known conversion for argument 1 from ‘std::__cxx11::basic_string<char>’ to ‘const tkz::RTError&’
tokenizer.h:207:11: note: candidate: ‘constexpr tkz::RTError::RTError(tkz::RTError&&)’
tokenizer.h:207:11: note:   no known conversion for argument 1 from ‘std::__cxx11::basic_string<char>’ to ‘tkz::RTError&&’
